MAP
    # CONFIG "MS_ERRORFILE" "./ms_error.txt"
    # DEBUG 5

    NAME "sample"
    STATUS ON
    # SIZE 1920 1080
    SIZE 1024 768
    # SYMBOLSET "../etc/symbols.txt"
    
    # New York
    # EXTENT -74.12 40.69 -73.8 40.8
    
    # Blazing Swan (Rough)
    # EXTENT 117.4 -33.6 118.9 -31.9

    # Blazing Swan (Precise)
    EXTENT 118.325 -32.6645 118.336 -32.654

    # Hyde Park
    # EXTENT 115.859454 -31.940463 115.866233 -31.93651

    UNITS DD
    SHAPEPATH "./data"
    IMAGECOLOR 0 0 0
    # FONTSET "../etc/fonts.txt"

    #
    # Start of web interface definition
    #
    WEB
        IMAGEPATH "/ms4w/tmp/ms_tmp/"
        IMAGEURL "/ms_tmp/"
        METADATA
            "wms_title"           "Blazing Swan WMS Server"
            "wms_onlineresource"  "http://example.com/cgi-bin/mapserv?map=bikes.map&"
            "wms_srs"             "EPSG:4326"
            "wms_enable_request"  "*"
        END
    END # WEB

    PROJECTION
        "init=epsg:4326"
    END

    SYMBOL
        NAME "circle"
        TYPE ellipse
        FILLED true
        POINTS
            1 1
        END
    END

    #
    # Start of layer definitions
    #
    LAYER
        NAME bikes
        TYPE LINE
        STATUS DEFAULT
        CONNECTIONTYPE OGR
        CONNECTION "{SQLITE_DB_PATH}"
        DATA "{DATA_QUERY}"
        # DATA "bikes"
        # DATA "select * from bikes"
        {BIKE_CLASSES}
    END

    {CURRENT_BIKE_LOCATIONS}

    LAYER
        NAME church
        TYPE POINT
        STATUS DEFAULT
        FEATURE
            POINTS
                118.332136 -32.661991

                # Hyde Park
                # 115.864875 -31.939964
            END # End Points
        END # End Feature
        CLASS
            NAME "Base Marker"
            STYLE
                SYMBOL "./icons/church_sim_png/church_sim_{CHURCH_FRAME_NUM}.png"
                SIZE 120
            END
        END
    END

    LAYER
        NAME camp1
        TYPE POINT
        STATUS {CAMP1_STATUS}
        FEATURE
            POINTS
                {CAMP1_LON} {CAMP1_LAT}
            END # End Points
        END # End Feature
        CLASS
            NAME "Theme Camp 1"
            STYLE
                SYMBOL "./icons/camp1/campfire_{CAMP1_FRAME_NUM}.png"
                SIZE 64
                # SYMBOL "circle"
                # COLOR 227 172 208
                # OPACITY 60
            END
        END
    END
END # MAP