MAP
    # CONFIG "MS_ERRORFILE" "./ms_error.txt"
    # DEBUG 5

    NAME "sample"
    STATUS ON
    # SIZE 1920 1080
    SIZE 1024 768
    # SYMBOLSET "../etc/symbols.txt"
    # EXTENT -180 -90 180 90
    # EXTENT 40.650038638196776 -74.29743368372984 40.85394227545683 -73.63825399623428
    # EXTENT -74.12 40.69 -73.8 40.8
    EXTENT 114 -34 119 -31
    UNITS DD
    SHAPEPATH "./data"
    IMAGECOLOR 0 0 0
    # FONTSET "../etc/fonts.txt"

    #
    # Start of web interface definition
    #
    WEB
        IMAGEPATH "/ms4w/tmp/ms_tmp/"
        IMAGEURL "/ms_tmp/"
    END # WEB

    SYMBOL
        NAME "circle"
        TYPE ellipse
        FILLED true
        POINTS
            1 1
        END
    END

    #
    # Start of layer definitions
    #
    LAYER
        NAME church
        TYPE POINT
        STATUS DEFAULT
        FEATURE
            POINTS
                118.332136 -32.661991
            END # End Points
        END # End Feature
        CLASS
            NAME "Base Marker"
            STYLE
                SYMBOL "circle"
                # SYMBOL "./icons/church.png"
                SIZE 15
                COLOR 0 176 0
            END
        END
    END

    LAYER
        NAME bikes
        TYPE LINE
        STATUS DEFAULT
        CONNECTIONTYPE OGR
        CONNECTION "bikes.sqlite"
        DATA "bikes"
        DATA "select * from bikes"
        # DATA "select geometry from 50_points"
        # DATA "select GEOMETRY from 50_points where bikeid = 15731"
        CLASS
            NAME "Bike 1"
            STYLE
                WIDTH 1
                COLOR 251 176 59
            END
        END

        CLASS
            NAME "Bike 1"
            EXPRESSION ([bikeid] eq 1 AND [timestamp] >= 1372658520 AND [timestamp] < 1425613741)
            STYLE
                WIDTH 1
                COLOR 251 176 59
                OPACITY 10
            END
        END

        CLASS
            NAME "Bike 1"
            EXPRESSION ([bikeid] eq 1 AND [timestamp] >= 1425613741 AND [timestamp] < 1475202449)
            STYLE
                WIDTH 1
                COLOR 251 176 59
                OPACITY 25
            END
        END

        CLASS
            NAME "Bike 1"
            EXPRESSION ([bikeid] eq 1 AND [timestamp] >= 1475202449)
            STYLE
                WIDTH 1
                COLOR 251 176 59
                OPACITY 100
            END
        END




        CLASS
            NAME "Bike 2"
            EXPRESSION ([bikeid] eq 2 AND [timestamp] >= 1372658520 AND [timestamp] < 1425613741)
            STYLE
                WIDTH 1
                COLOR 34 59 83
                OPACITY 10
            END
        END

        CLASS
            NAME "Bike 2"
            EXPRESSION ([bikeid] eq 2 AND [timestamp] >= 1425613741 AND [timestamp] < 1475202449)
            STYLE
                WIDTH 1
                COLOR 34 59 83
                OPACITY 25
            END
        END

        CLASS
            NAME "Bike 2"
            EXPRESSION ([bikeid] eq 2 AND [timestamp] >= 1475202449)
            STYLE
                WIDTH 1
                COLOR 34 59 83
                OPACITY 100
            END
        END



        CLASS
            NAME "Bike 3"
            EXPRESSION ([bikeid] eq 3 AND [timestamp] >= 1372658520 AND [timestamp] < 1425613741)
            STYLE
                WIDTH 1
                COLOR 229 94 94
                OPACITY 10
            END
        END

        CLASS
            NAME "Bike 3"
            EXPRESSION ([bikeid] eq 3 AND [timestamp] >= 1425613741 AND [timestamp] < 1475202449)
            STYLE
                WIDTH 1
                COLOR 229 94 94
                OPACITY 25
            END
        END

        CLASS
            NAME "Bike 3"
            EXPRESSION ([bikeid] eq 3 AND [timestamp] >= 1475202449)
            STYLE
                WIDTH 1
                COLOR 229 94 94
                OPACITY 100
            END
        END



        CLASS
            NAME "Bike 4"
            EXPRESSION ([bikeid] eq 4 AND [timestamp] >= 1372658520 AND [timestamp] < 1425613741)
            STYLE
                WIDTH 1
                COLOR 59 178 208
                OPACITY 10
            END
        END

        CLASS
            NAME "Bike 4"
            EXPRESSION ([bikeid] eq 4 AND [timestamp] >= 1425613741 AND [timestamp] < 1475202449)
            STYLE
                WIDTH 1
                COLOR 59 178 208
                OPACITY 25
            END
        END

        CLASS
            NAME "Bike 4"
            EXPRESSION ([bikeid] eq 4 AND [timestamp] >= 1475202449)
            STYLE
                WIDTH 1
                COLOR 59 178 208
                OPACITY 100
            END
        END



        CLASS
            NAME "Bike 5"
            EXPRESSION ([bikeid] eq 5 AND [timestamp] >= 1372658520 AND [timestamp] < 1425613741)
            STYLE
                WIDTH 1
                COLOR 204 204 204
                OPACITY 10
            END
        END

        CLASS
            NAME "Bike 5"
            EXPRESSION ([bikeid] eq 5 AND [timestamp] >= 1425613741 AND [timestamp] < 1475202449)
            STYLE
                WIDTH 1
                COLOR 204 204 204
                OPACITY 25
            END
        END

        CLASS
            NAME "Bike 5"
            EXPRESSION ([bikeid] eq 5 AND [timestamp] >= 1475202449)
            STYLE
                WIDTH 1
                COLOR 204 204 204
                OPACITY 100
            END
        END
    END
END # MAP