MAP
    # CONFIG "MS_ERRORFILE" "./ms_error.txt"
    # DEBUG 5

    NAME "sample"
    STATUS ON
    # SIZE 1920 1080
    SIZE 1024 768
    # SYMBOLSET "../etc/symbols.txt"
    # EXTENT -180 -90 180 90
    # EXTENT 40.650038638196776 -74.29743368372984 40.85394227545683 -73.63825399623428
    EXTENT -74.12 40.69 -73.8 40.8
    # EXTENT 114 -34 119 -31
    UNITS DD
    SHAPEPATH "./data"
    IMAGECOLOR 0 0 0
    # FONTSET "../etc/fonts.txt"

    #
    # Start of web interface definition
    #
    WEB
        IMAGEPATH "/ms4w/tmp/ms_tmp/"
        IMAGEURL "/ms_tmp/"
    END # WEB

    SYMBOL
        NAME "circle"
        TYPE ellipse
        FILLED true
        POINTS
            1 1
        END
    END

    #
    # Start of layer definitions
    #
    LAYER
        NAME bikes
        TYPE LINE
        STATUS DEFAULT
        CONNECTIONTYPE OGR
        CONNECTION "29000-lines-ogr2ogr.sqlite"
        DATA "ogrgeojson"
        # DATA "select * from ogrgeojson"
        # DATA "select geometry from 50_points"
        # DATA "select GEOMETRY from 50_points where bikeid = 15731"
        
        CLASS
            NAME "Bike 20233"
            EXPRESSION ([bikeid] eq 20233 AND [timestamp] >= 1483187271)
            STYLE
                WIDTH 1
                COLOR 251 176 59
                OPACITY 70
            END
        END
    
        CLASS
            NAME "Bike 20233"
            EXPRESSION ([bikeid] eq 20233 AND [timestamp] >= 1372706212 AND [timestamp] < 1386516344)
            STYLE
                WIDTH 1
                COLOR 251 176 59
                OPACITY 50
            END
        END
    
        CLASS
            NAME "Bike 17747"
            EXPRESSION ([bikeid] eq 17747 AND [timestamp] >= 1483184287)
            STYLE
                WIDTH 1
                COLOR 34 59 83
                OPACITY 70
            END
        END
    
        CLASS
            NAME "Bike 17747"
            EXPRESSION ([bikeid] eq 17747 AND [timestamp] >= 1374219130 AND [timestamp] < 1483184287)
            STYLE
                WIDTH 1
                COLOR 34 59 83
                OPACITY 50
            END
        END
    
        CLASS
            NAME "Bike 15731"
            EXPRESSION ([bikeid] eq 15731 AND [timestamp] >= 1483189963)
            STYLE
                WIDTH 1
                COLOR 229 94 94
                OPACITY 70
            END
        END
    
        CLASS
            NAME "Bike 15731"
            EXPRESSION ([bikeid] eq 15731 AND [timestamp] >= 1372667869 AND [timestamp] < 1483189963)
            STYLE
                WIDTH 1
                COLOR 229 94 94
                OPACITY 50
            END
        END
    
        CLASS
            NAME "Bike 16941"
            EXPRESSION ([bikeid] eq 16941 AND [timestamp] >= 1482819021)
            STYLE
                WIDTH 1
                COLOR 59 178 208
                OPACITY 70
            END
        END
    
        CLASS
            NAME "Bike 16941"
            EXPRESSION ([bikeid] eq 16941 AND [timestamp] >= 1372710971 AND [timestamp] < 1482819021)
            STYLE
                WIDTH 1
                COLOR 59 178 208
                OPACITY 50
            END
        END
    
        CLASS
            NAME "Bike 17526"
            EXPRESSION ([bikeid] eq 17526 AND [timestamp] >= 1482935944)
            STYLE
                WIDTH 1
                COLOR 204 204 204
                OPACITY 70
            END
        END
    
        CLASS
            NAME "Bike 17526"
            EXPRESSION ([bikeid] eq 17526 AND [timestamp] >= 1372658520 AND [timestamp] < 1482935944)
            STYLE
                WIDTH 1
                COLOR 204 204 204
                OPACITY 50
            END
        END
    
    END

    LAYER
        NAME church
        TYPE POINT
        STATUS DEFAULT
        FEATURE
            POINTS
                118.332136 -32.661991
            END # End Points
        END # End Feature
        CLASS
            NAME "Base Marker"
            STYLE
                SYMBOL "circle"
                # SYMBOL "./icons/church.png"
                SIZE 15
                COLOR 0 176 0
            END
        END
    END
END # MAP